\BOOKMARK [1][-]{section.1}{\376\377\000I\000n\000t\000r\000o\000d\000u\000c\000t\000i\000o\000n}{}% 1
\BOOKMARK [1][-]{section.2}{\376\377\000D\000a\000t\000a\000\040\000a\000n\000d\000\040\000M\000e\000t\000h\000o\000d\000s}{}% 2
\BOOKMARK [2][-]{subsection.2.1}{\376\377\000I\000n\000p\000u\000t\000\040\000d\000a\000t\000a}{section.2}% 3
\BOOKMARK [2][-]{subsection.2.2}{\376\377\000G\000e\000n\000e\000\040\000p\000a\000r\000t\000i\000t\000i\000o\000n\000i\000n\000g}{section.2}% 4
\BOOKMARK [2][-]{subsection.2.3}{\376\377\000M\000O\000S\000C\000O\000T\000\040\000o\000p\000t\000i\000m\000a\000l\000-\000t\000r\000a\000n\000s\000p\000o\000r\000t\000\040\000m\000a\000p\000p\000i\000n\000g\000\040\000\050\000s\000c\000R\000N\000A\000\040\000\040\000M\000E\000R\000F\000I\000S\000H\000\051}{section.2}% 5
\BOOKMARK [2][-]{subsection.2.4}{\376\377\000I\000m\000p\000u\000t\000a\000t\000i\000o\000n\000\040\000o\000f\000\040\000d\000i\000s\000e\000a\000s\000e\000\040\000g\000e\000n\000e\000s}{section.2}% 6
\BOOKMARK [2][-]{subsection.2.5}{\376\377\000T\000r\000a\000i\000t\000\040\000s\000c\000o\000r\000i\000n\000g\000\040\000a\000n\000d\000\040\000p\000e\000r\000-\000c\000e\000l\000l\000t\000y\000p\000e\000\040\000m\000e\000a\000n\000\040\000e\000x\000p\000r\000e\000s\000s\000i\000o\000n}{section.2}% 7
\BOOKMARK [2][-]{subsection.2.6}{\376\377\000P\000e\000a\000k\000-\000c\000e\000l\000l\000-\000t\000y\000p\000e\000\040\000a\000s\000s\000i\000g\000n\000m\000e\000n\000t}{section.2}% 8
\BOOKMARK [2][-]{subsection.2.7}{\376\377\000A\000n\000a\000t\000o\000m\000i\000c\000a\000l\000\040\000v\000a\000l\000v\000e\000\040\000s\000e\000c\000t\000i\000o\000n}{section.2}% 9
\BOOKMARK [2][-]{subsection.2.8}{\376\377\000Y\000a\000n\000a\000i\000'\000s\000\040\000,\000\040\000P\000e\000a\000r\000s\000o\000n\000,\000\040\000J\000a\000c\000c\000a\000r\000d\000,\000\040\000h\000i\000e\000r\000a\000r\000c\000h\000i\000c\000a\000l\000\040\000c\000l\000u\000s\000t\000e\000r\000i\000n\000g}{section.2}% 10
\BOOKMARK [2][-]{subsection.2.9}{\376\377\000V\000a\000l\000v\000e\000\040\000e\000n\000r\000i\000c\000h\000m\000e\000n\000t\000\040\000s\000t\000a\000t\000i\000s\000t\000i\000c\000s}{section.2}% 11
\BOOKMARK [2][-]{subsection.2.10}{\376\377\000R\000e\000p\000r\000o\000d\000u\000c\000i\000b\000i\000l\000i\000t\000y}{section.2}% 12
\BOOKMARK [1][-]{section.3}{\376\377\000R\000e\000s\000u\000l\000t\000s}{}% 13
\BOOKMARK [2][-]{subsection.3.1}{\376\377\000C\000r\000o\000s\000s\000-\000m\000o\000d\000a\000l\000\040\000d\000a\000t\000a\000\040\000o\000v\000e\000r\000v\000i\000e\000w}{section.3}% 14
\BOOKMARK [2][-]{subsection.3.2}{\376\377\000M\000O\000S\000C\000O\000T\000\040\000m\000a\000p\000p\000i\000n\000g\000\040\000r\000e\000c\000o\000v\000e\000r\000s\000\040\000c\000e\000l\000l\000-\000t\000y\000p\000e\000\040\000i\000d\000e\000n\000t\000i\000t\000y}{section.3}% 15
\BOOKMARK [2][-]{subsection.3.3}{\376\377\000D\000i\000r\000e\000c\000t\000\040\0003\000D\000\040\000v\000i\000s\000u\000a\000l\000i\000s\000a\000t\000i\000o\000n\000:\000\040\000s\000a\000n\000i\000t\000y\000-\000c\000h\000e\000c\000k\000\040\000d\000i\000s\000e\000a\000s\000e\000\040\000g\000e\000n\000e\000s}{section.3}% 16
\BOOKMARK [2][-]{subsection.3.4}{\376\377\000T\000r\000a\000i\000t\000-\000a\000g\000g\000r\000e\000g\000a\000t\000e\000d\000\040\0003\000D\000\040\000m\000a\000p\000s}{section.3}% 17
\BOOKMARK [2][-]{subsection.3.5}{\376\377\000P\000e\000a\000k\000-\000c\000e\000l\000l\000-\000t\000y\000p\000e\000\040\000a\000s\000s\000i\000g\000n\000m\000e\000n\000t\000\040\000o\000f\000\040\000d\000i\000s\000e\000a\000s\000e\000\040\000g\000e\000n\000e\000s}{section.3}% 18
\BOOKMARK [2][-]{subsection.3.6}{\376\377\000V\000a\000l\000v\000e\000\040\000a\000n\000a\000t\000o\000m\000i\000c\000a\000l\000\040\000s\000e\000c\000t\000i\000o\000n}{section.3}% 19
\BOOKMARK [2][-]{subsection.3.7}{\376\377\000V\000a\000l\000v\000e\000\040\000e\000n\000r\000i\000c\000h\000m\000e\000n\000t\000\040\000s\000t\000a\000t\000i\000s\000t\000i\000c\000s}{section.3}% 20
\BOOKMARK [2][-]{subsection.3.8}{\376\377\000D\000i\000s\000e\000a\000s\000e\000-\000g\000e\000n\000e\000\040\000l\000a\000n\000d\000s\000c\000a\000p\000e\000:\000\040\000t\000r\000a\000i\000t\000-\000b\000y\000-\000c\000e\000l\000l\000t\000y\000p\000e\000,\000\040\000g\000e\000n\000e\000\040\000s\000p\000e\000c\000i\000f\000i\000c\000i\000t\000y\000,\000\040\000a\000n\000d\000\040\000t\000r\000a\000i\000t\040\023\000t\000r\000a\000i\000t\000\040\000s\000i\000m\000i\000l\000a\000r\000i\000t\000y}{section.3}% 21
\BOOKMARK [3][-]{subsubsection.3.8.1}{\376\377\000T\000r\000a\000i\000t\040\023\000c\000e\000l\000l\000t\000y\000p\000e\000\040\000l\000a\000n\000d\000s\000c\000a\000p\000e\000:\000\040\000t\000w\000o\000\040\000r\000e\000c\000i\000p\000r\000o\000c\000a\000l\000\040\000b\000l\000o\000c\000k\000s}{subsection.3.8}% 22
\BOOKMARK [3][-]{subsubsection.3.8.2}{\376\377\000T\000h\000r\000e\000e\000\040\000u\000n\000s\000u\000p\000e\000r\000v\000i\000s\000e\000d\000\040\000g\000e\000n\000e\000\040\000m\000o\000d\000u\000l\000e\000s}{subsection.3.8}% 23
\BOOKMARK [3][-]{subsubsection.3.8.3}{\376\377\000G\000e\000n\000e\000\040\000s\000p\000e\000c\000i\000f\000i\000c\000i\000t\000y\000:\000\040\000d\000e\000v\000e\000l\000o\000p\000m\000e\000n\000t\000a\000l\000\040\000T\000F\000s\000\040\000v\000s\000.\000\040\000c\000h\000r\000o\000m\000a\000t\000i\000n\000\040\000r\000e\000g\000u\000l\000a\000t\000o\000r\000s}{subsection.3.8}% 24
\BOOKMARK [3][-]{subsubsection.3.8.4}{\376\377\000T\000r\000a\000i\000t\000\040\000s\000i\000m\000i\000l\000a\000r\000i\000t\000y\000:\000\040\000c\000o\000n\000v\000e\000r\000g\000e\000n\000c\000e\000\040\000v\000i\000a\000\040\000i\000n\000d\000e\000p\000e\000n\000d\000e\000n\000t\000\040\000g\000e\000n\000e\000s}{subsection.3.8}% 25
\BOOKMARK [1][-]{section.4}{\376\377\000D\000i\000s\000c\000u\000s\000s\000i\000o\000n}{}% 26
\BOOKMARK [1][-]{section.5}{\376\377\000L\000i\000m\000i\000t\000a\000t\000i\000o\000n\000s}{}% 27
\BOOKMARK [1][-]{section*.23}{\376\377\000D\000a\000t\000a\000\040\000a\000n\000d\000\040\000c\000o\000d\000e\000\040\000a\000v\000a\000i\000l\000a\000b\000i\000l\000i\000t\000y}{}% 28
